задание: 2.1.3
проект: 211-command-usb
устройство: 2e8a:000a
серийный номер: E66098F29B6A7732
порт: /dev/ttyACM0
начало: 2026-09-24T16:43:11
   0.000 --> mem_info
   0.164 <-- mem_info
   0.165 <-- area       start      end        size
   0.165 <-- flash      0x10000000 0x10200000  2097152
   0.165 <-- sram       0x20000000 0x20042000   270336
   0.166 <-- rom        0x00000000 0x00004000    16384
   0.166 <-- image      0x10000000 0x10008354    33620
   0.166 <-- free       0x10008354 0x10200000  2063532
   0.167 <-- boot2      0x10000000 0x10000100      256
   0.167 <-- text       0x10000100 0x100073e4    29412
   0.167 <-- data flash 0x100073e4 0x10008354     3952
   0.168 <-- data ram   0x200000c0 0x20001030     3952
   0.168 <-- bss        0x20001030 0x20001c6c     3132
   0.168 <-- heap       0x20001c6c 0x20040000   254868
   0.168 <-- stack      0x20041800 0x20042000     2048
   0.169 <-- total
   0.169 <-- flash image    33620 = boot2 256 + text 29412 + data 3952
   0.169 <-- flash free   2063532 of 2097152
   0.170 <-- ram used        7084 = data 3952 + bss 3132
   0.170 <-- ram free      254868 for heap and 2048 for stack
итог: отправлено команд 1, принято строк 19