задание: 2.1.1
проект: 211-command-usb
устройство: 2e8a:000a
серийный номер: E66098F29B6A7732
порт: /dev/ttyACM0
начало: 2026-09-24T16:09:49
   0.000 --> enable
   0.133 <-- enable
   0.133 <-- inf handle_command:26 led on
   2.136 --> disable
   2.294 <-- disable
   2.294 <-- inf handle_command:31 led off
   4.297 --> info
   4.394 <-- info
   4.395 <-- project: 211-command-usb
   4.395 <-- repo: https://github.com/L3V666/es-student
   4.395 <-- board: pico
   4.395 <-- serial: E66098F29B6A7732
   4.396 <-- chip: manufacturer 0x927, part 0x0002, revision 1
   4.396 <-- pico-sdk: 2.3.0
   6.398 --> nosuchcommand
   6.676 <-- nosuchcommand
   6.676 <-- err handle_command:43 unknown command: nosuchcommand
итог: отправлено команд 4, принято строк 13