задание: 2.1.6
проект: 211-command-usb
устройство: 2e8a:000a
серийный номер: E66098F29B6A7732
порт: /dev/ttyACM0
начало: 2026-09-24T17:07:58
   0.000 --> boot_info
   0.191 <-- boot_info
   0.191 <-- vector table   0x10000100
   0.192 <-- stack top    0x20042000
   0.192 <-- reset        0x100001f7
   0.192 <-- reset (even) 0x100001f6
   0.192 <-- gpio in        0xd0000004
   0.192 <-- led bit      0
   0.192 <-- gpio_get     0
   2.196 --> enable
   2.332 <-- enable
   2.333 <-- inf cmd_enable:26 led on
   4.336 --> boot_info
   4.533 <-- boot_info
   4.534 <-- vector table   0x10000100
   4.534 <-- stack top    0x20042000
   4.534 <-- reset        0x100001f7
   4.535 <-- reset (even) 0x100001f6
   4.535 <-- gpio in        0xd0000004
   4.535 <-- led bit      1
   4.535 <-- gpio_get     1
   6.538 --> disable
   6.694 <-- disable
   6.695 <-- inf cmd_disable:32 led off
   8.698 --> boot_info
   8.895 <-- boot_info
   8.895 <-- vector table   0x10000100
   8.895 <-- stack top    0x20042000
   8.895 <-- reset        0x100001f7
   8.896 <-- reset (even) 0x100001f6
   8.896 <-- gpio in        0xd0000004
   8.896 <-- led bit      0
   8.896 <-- gpio_get     0
итог: отправлено команд 5, принято строк 28